// Jest Snapshot v1, https://goo.gl/fbAQLP

exports[`OnBoardScreen describe render snap 1`] = `
<View
  style={
    {
      "alignItems": "center",
      "backgroundColor": "#fff",
      "flex": 1,
      "padding": 15,
    }
  }
>
  <View
    style={
      {
        "alignItems": "center",
        "flex": 2.5,
        "justifyContent": "center",
        "padding": 15,
      }
    }
  >
    <View
      accessibilityState={
        {
          "busy": undefined,
          "checked": undefined,
          "disabled": undefined,
          "expanded": undefined,
          "selected": undefined,
        }
      }
      accessibilityValue={
        {
          "max": undefined,
          "min": undefined,
          "now": undefined,
          "text": undefined,
        }
      }
      accessible={true}
      collapsable={false}
      focusable={true}
      onBlur={[Function]}
      onClick={[Function]}
      onFocus={[Function]}
      onResponderGrant={[Function]}
      onResponderMove={[Function]}
      onResponderRelease={[Function]}
      onResponderTerminate={[Function]}
      onResponderTerminationRequest={[Function]}
      onStartShouldSetResponder={[Function]}
      style={
        {
          "alignItems": "center",
          "flexDirection": "row",
          "justifyContent": "center",
          "paddingVertical": 10,
          "position": "absolute",
          "right": 0,
          "top": 0,
          "zIndex": 2,
        }
      }
      testID="skipButton"
    >
      <Text
        style={
          {
            "color": "#000000",
            "fontSize": 14,
            "fontWeight": "700",
          }
        }
      >
        Skip
      </Text>
      <Image
        source={
          {
            "testUri": "../../../src/assets/images/RightArrow.png",
          }
        }
        style={
          {
            "height": undefined,
            "marginHorizontal": undefined,
            "width": undefined,
          }
        }
      />
    </View>
    <View
      data-testid="mock-swiper"
    >
      Mock Swiper Component
    </View>
  </View>
  <View
    style={
      {
        "alignItems": "center",
        "flex": 0.5,
        "justifyContent": "center",
      }
    }
  >
    <View
      accessibilityState={
        {
          "busy": undefined,
          "checked": undefined,
          "disabled": undefined,
          "expanded": undefined,
          "selected": undefined,
        }
      }
      accessibilityValue={
        {
          "max": undefined,
          "min": undefined,
          "now": undefined,
          "text": undefined,
        }
      }
      accessible={true}
      collapsable={false}
      focusable={true}
      onBlur={[Function]}
      onClick={[Function]}
      onFocus={[Function]}
      onResponderGrant={[Function]}
      onResponderMove={[Function]}
      onResponderRelease={[Function]}
      onResponderTerminate={[Function]}
      onResponderTerminationRequest={[Function]}
      onStartShouldSetResponder={[Function]}
      style={
        {
          "backgroundColor": "#FAA8D1",
          "borderRadius": 30,
          "paddingHorizontal": 60,
          "paddingVertical": 20,
        }
      }
    >
      <Text
        style={
          {
            "color": "#000000",
            "fontSize": 14,
            "fontWeight": "700",
          }
        }
      >
        Continue
      </Text>
    </View>
  </View>
</View>
`;
